Copyright 1986-2022 Xilinx, Inc. All Rights Reserved. Copyright 2022-2025 Advanced Micro Devices, Inc. All Rights Reserved.
---------------------------------------------------------------------------------------------------------------------------------------------
| Tool Version : Vivado v.2025.2 (win64) Build 6299465 Fri Nov 14 19:35:11 GMT 2025
| Date         : Fri Mar  6 20:16:46 2026
| Host         : DESKTOP-1SOIGBV running 64-bit major release  (build 9200)
| Command      : report_control_sets -verbose -file soc_core_wrapper_control_sets_placed.rpt
| Design       : soc_core_wrapper
| Device       : xc7z020
---------------------------------------------------------------------------------------------------------------------------------------------

Control Set Information

Table of Contents
-----------------
1. Summary
2. Histogram
3. Flip-Flop Distribution
4. Detailed Control Set Information

1. Summary
----------

+----------------------------------------------------------+-------+
|                          Status                          | Count |
+----------------------------------------------------------+-------+
| Total control sets                                       |   189 |
|    Minimum number of control sets                        |   189 |
|    Addition due to synthesis replication                 |     0 |
|    Addition due to physical synthesis replication        |     0 |
| Unused register locations in slices containing registers |   659 |
+----------------------------------------------------------+-------+
* Control sets can be merged at opt_design using control_set_merge or merge_equivalent_drivers
** Run report_qor_suggestions for automated merging and remapping suggestions


2. Histogram
------------

+--------------------+-------+
|       Fanout       | Count |
+--------------------+-------+
| Total control sets |   189 |
| >= 0 to < 4        |    42 |
| >= 4 to < 6        |    21 |
| >= 6 to < 8        |    22 |
| >= 8 to < 10       |    14 |
| >= 10 to < 12      |     8 |
| >= 12 to < 14      |    24 |
| >= 14 to < 16      |     3 |
| >= 16              |    55 |
+--------------------+-------+
* Control sets can be remapped at either synth_design or opt_design


3. Flip-Flop Distribution
-------------------------

+--------------+-----------------------+------------------------+-----------------+--------------+
| Clock Enable | Synchronous Set/Reset | Asynchronous Set/Reset | Total Registers | Total Slices |
+--------------+-----------------------+------------------------+-----------------+--------------+
| No           | No                    | No                     |             314 |          104 |
| No           | No                    | Yes                    |              42 |           14 |
| No           | Yes                   | No                     |             245 |          131 |
| Yes          | No                    | No                     |             915 |          170 |
| Yes          | No                    | Yes                    |               0 |            0 |
| Yes          | Yes                   | No                     |            1201 |          361 |
+--------------+-----------------------+------------------------+-----------------+--------------+


4. Detailed Control Set Information
-----------------------------------

+-------------------------------------------------+--------------------------------------------------------------------------------------------------------------------------------------------------------------------------------------------------------------+------------------------------------------------------------------------------------------------------------------------------------------------------------------------------------------+------------------+----------------+--------------+
|                   Clock Signal                  |                                                                                                 Enable Signal                                                                                                |                                                                                     Set/Reset Signal                                                                                     | Slice Load Count | Bel Load Count | Bels / Slice |
+-------------------------------------------------+--------------------------------------------------------------------------------------------------------------------------------------------------------------------------------------------------------------+------------------------------------------------------------------------------------------------------------------------------------------------------------------------------------------+------------------+----------------+--------------+
|  soc_core_i/processing_system7_0/inst/FCLK_CLK0 |                                                                                                                                                                                                              | soc_core_i/smartconnect_0/inst/m00_nodes/m00_w_node/inst/s_sc_areset_pipe                                                                                                                |                1 |              1 |         1.00 |
|  soc_core_i/processing_system7_0/inst/FCLK_CLK0 | soc_core_i/axi_bram_ctrl_0/U0/gext_inst.abcv4_0_ext_inst/GEN_AXI4.I_FULL_AXI/I_RD_CHNL/GEN_NO_RD_CMD_OPT.I_WRAP_BRST/bram_addr_ld_en                                                                         | soc_core_i/axi_bram_ctrl_0/U0/gext_inst.abcv4_0_ext_inst/GEN_AXI4.I_FULL_AXI/I_RD_CHNL/GEN_NO_RD_CMD_OPT.I_WRAP_BRST/SR[0]                                                               |                1 |              1 |         1.00 |
|  soc_core_i/processing_system7_0/inst/FCLK_CLK0 |                                                                                                                                                                                                              | soc_core_i/smartconnect_0/inst/s00_nodes/s00_w_node/inst/s_sc_areset_pipe                                                                                                                |                1 |              1 |         1.00 |
|  soc_core_i/processing_system7_0/inst/FCLK_CLK0 |                                                                                                                                                                                                              | soc_core_i/smartconnect_0/inst/s00_nodes/s00_w_node/inst/mi_handler_m_sc_areset                                                                                                          |                1 |              1 |         1.00 |
|  soc_core_i/processing_system7_0/inst/FCLK_CLK0 |                                                                                                                                                                                                              | soc_core_i/smartconnect_0/inst/s00_nodes/s00_ar_node/inst/s_sc_areset_pipe                                                                                                               |                1 |              1 |         1.00 |
|  soc_core_i/processing_system7_0/inst/FCLK_CLK0 |                                                                                                                                                                                                              | soc_core_i/smartconnect_0/inst/m00_nodes/m00_ar_node/inst/s_sc_areset_pipe                                                                                                               |                1 |              1 |         1.00 |
|  soc_core_i/processing_system7_0/inst/FCLK_CLK0 |                                                                                                                                                                                                              | soc_core_i/smartconnect_0/inst/m00_nodes/m00_b_node/inst/mi_handler_m_sc_areset                                                                                                          |                1 |              1 |         1.00 |
|  soc_core_i/processing_system7_0/inst/FCLK_CLK0 |                                                                                                                                                                                                              | soc_core_i/smartconnect_0/inst/s00_nodes/s00_r_node/inst/s_sc_areset_pipe                                                                                                                |                1 |              1 |         1.00 |
|  soc_core_i/processing_system7_0/inst/FCLK_CLK0 |                                                                                                                                                                                                              | soc_core_i/smartconnect_0/inst/s00_nodes/s00_r_node/inst/mi_handler_m_sc_areset                                                                                                          |                1 |              1 |         1.00 |
|  soc_core_i/processing_system7_0/inst/FCLK_CLK0 |                                                                                                                                                                                                              | soc_core_i/smartconnect_0/inst/m00_nodes/m00_b_node/inst/s_sc_areset_pipe                                                                                                                |                1 |              1 |         1.00 |
|  soc_core_i/processing_system7_0/inst/FCLK_CLK0 |                                                                                                                                                                                                              | soc_core_i/smartconnect_0/inst/m00_nodes/m00_r_node/inst/mi_handler_m_sc_areset                                                                                                          |                1 |              1 |         1.00 |
|  soc_core_i/processing_system7_0/inst/FCLK_CLK0 |                                                                                                                                                                                                              | soc_core_i/smartconnect_0/inst/m00_nodes/m00_r_node/inst/s_sc_areset_pipe                                                                                                                |                1 |              1 |         1.00 |
|  soc_core_i/processing_system7_0/inst/FCLK_CLK0 |                                                                                                                                                                                                              | soc_core_i/smartconnect_0/inst/s00_nodes/s00_b_node/inst/mi_handler_m_sc_areset                                                                                                          |                1 |              1 |         1.00 |
|  soc_core_i/processing_system7_0/inst/FCLK_CLK0 |                                                                                                                                                                                                              | soc_core_i/smartconnect_0/inst/s00_nodes/s00_aw_node/inst/s_sc_areset_pipe                                                                                                               |                1 |              1 |         1.00 |
|  soc_core_i/processing_system7_0/inst/FCLK_CLK0 |                                                                                                                                                                                                              | soc_core_i/smartconnect_0/inst/s00_nodes/s00_ar_node/inst/mi_handler_m_sc_areset                                                                                                         |                1 |              1 |         1.00 |
|  soc_core_i/processing_system7_0/inst/FCLK_CLK0 |                                                                                                                                                                                                              | soc_core_i/smartconnect_0/inst/s00_nodes/s00_b_node/inst/s_sc_areset_pipe                                                                                                                |                1 |              1 |         1.00 |
|  soc_core_i/processing_system7_0/inst/FCLK_CLK0 |                                                                                                                                                                                                              | soc_core_i/smartconnect_0/inst/s00_nodes/s00_aw_node/inst/mi_handler_m_sc_areset                                                                                                         |                1 |              1 |         1.00 |
|  soc_core_i/processing_system7_0/inst/FCLK_CLK0 |                                                                                                                                                                                                              | soc_core_i/smartconnect_0/inst/m00_nodes/m00_aw_node/inst/s_sc_areset_pipe                                                                                                               |                1 |              1 |         1.00 |
|  soc_core_i/processing_system7_0/inst/FCLK_CLK0 | soc_core_i/smartconnect_0/inst/m00_nodes/m00_aw_node/inst/inst_si_handler/gen_m_axis_arb_fifo.inst_axis_arb_fifo/gen_srls[0].srl_nx1/shift                                                                   |                                                                                                                                                                                          |                1 |              1 |         1.00 |
|  soc_core_i/processing_system7_0/inst/FCLK_CLK0 | soc_core_i/smartconnect_0/inst/s00_nodes/s00_w_node/inst/inst_mi_handler/gen_normal_area.gen_fifo_req.inst_fifo_req/gen_xpm_memory_fifo.inst_fifo/wr_wea                                                     |                                                                                                                                                                                          |                1 |              2 |         2.00 |
|  soc_core_i/processing_system7_0/inst/FCLK_CLK0 | soc_core_i/smartconnect_0/inst/m00_exit_pipeline/m00_exit/inst/exit_inst/gen_w_cmd_fifo.w_cmd_fifo/gen_srls[2].srl_nx1/shift_qual                                                                            |                                                                                                                                                                                          |                1 |              2 |         2.00 |
|  soc_core_i/processing_system7_0/inst/FCLK_CLK0 | soc_core_i/smartconnect_0/inst/m00_exit_pipeline/m00_exit/inst/exit_inst/gen_r_cmd_fifo.r_cmd_fifo/gen_srls[16].srl_nx1/shift_qual                                                                           |                                                                                                                                                                                          |                1 |              2 |         2.00 |
|  soc_core_i/processing_system7_0/inst/FCLK_CLK0 | soc_core_i/smartconnect_0/inst/m00_nodes/m00_b_node/inst/inst_mi_handler/gen_normal_area.gen_fifo_req.inst_fifo_req/gen_xpm_memory_fifo.inst_fifo/wr_wea                                                     |                                                                                                                                                                                          |                1 |              2 |         2.00 |
|  soc_core_i/processing_system7_0/inst/FCLK_CLK0 | soc_core_i/smartconnect_0/inst/m00_nodes/m00_r_node/inst/inst_mi_handler/gen_normal_area.gen_fifo_req.inst_fifo_req/gen_xpm_memory_fifo.inst_fifo/wr_wea                                                     |                                                                                                                                                                                          |                1 |              2 |         2.00 |
|  soc_core_i/processing_system7_0/inst/FCLK_CLK0 | soc_core_i/smartconnect_0/inst/m00_exit_pipeline/m00_exit/inst/exit_inst/gen_r_cmd_fifo.r_cmd_fifo/gen_pipelined.mesg_reg[0]                                                                                 |                                                                                                                                                                                          |                1 |              2 |         2.00 |
|  soc_core_i/processing_system7_0/inst/FCLK_CLK0 | soc_core_i/smartconnect_0/inst/m00_nodes/m00_w_node/inst/inst_si_handler/gen_si_handler.gen_request_fifos.gen_req_fifo[0].inst_req_fifo/gen_xpm_memory_fifo.inst_fifo/wr_wea                                 |                                                                                                                                                                                          |                1 |              2 |         2.00 |
|  soc_core_i/processing_system7_0/inst/FCLK_CLK0 |                                                                                                                                                                                                              | soc_core_i/smartconnect_0/inst/m00_nodes/m00_w_node/inst/s_sc_xpm_cdc_async_rst_inst/reset_pol                                                                                           |                1 |              3 |         3.00 |
|  soc_core_i/processing_system7_0/inst/FCLK_CLK0 |                                                                                                                                                                                                              | soc_core_i/smartconnect_0/inst/m00_nodes/m00_aw_node/inst/s_sc_xpm_cdc_async_rst_inst/reset_pol                                                                                          |                1 |              3 |         3.00 |
|  soc_core_i/processing_system7_0/inst/FCLK_CLK0 |                                                                                                                                                                                                              | soc_core_i/smartconnect_0/inst/s00_nodes/s00_r_node/inst/s_sc_xpm_cdc_async_rst_inst/reset_pol                                                                                           |                1 |              3 |         3.00 |
|  soc_core_i/processing_system7_0/inst/FCLK_CLK0 |                                                                                                                                                                                                              | soc_core_i/smartconnect_0/inst/s00_entry_pipeline/s00_mmu/inst/xpm_cdc_async_rst_inst/reset_pol                                                                                          |                1 |              3 |         3.00 |
|  soc_core_i/processing_system7_0/inst/FCLK_CLK0 |                                                                                                                                                                                                              | soc_core_i/smartconnect_0/inst/s00_entry_pipeline/s00_transaction_regulator/inst/xpm_cdc_async_rst_inst/reset_pol                                                                        |                1 |              3 |         3.00 |
|  soc_core_i/processing_system7_0/inst/FCLK_CLK0 |                                                                                                                                                                                                              | soc_core_i/smartconnect_0/inst/s00_nodes/s00_aw_node/inst/s_sc_xpm_cdc_async_rst_inst/reset_pol                                                                                          |                1 |              3 |         3.00 |
|  soc_core_i/processing_system7_0/inst/FCLK_CLK0 |                                                                                                                                                                                                              | soc_core_i/smartconnect_0/inst/s00_nodes/s00_ar_node/inst/s_sc_xpm_cdc_async_rst_inst/reset_pol                                                                                          |                1 |              3 |         3.00 |
|  soc_core_i/processing_system7_0/inst/FCLK_CLK0 |                                                                                                                                                                                                              | soc_core_i/smartconnect_0/inst/m00_nodes/m00_b_node/inst/s_sc_xpm_cdc_async_rst_inst/reset_pol                                                                                           |                1 |              3 |         3.00 |
|  soc_core_i/processing_system7_0/inst/FCLK_CLK0 |                                                                                                                                                                                                              | soc_core_i/smartconnect_0/inst/s00_nodes/s00_b_node/inst/s_sc_xpm_cdc_async_rst_inst/reset_pol                                                                                           |                1 |              3 |         3.00 |
|  soc_core_i/processing_system7_0/inst/FCLK_CLK0 |                                                                                                                                                                                                              | soc_core_i/smartconnect_0/inst/s00_nodes/s00_w_node/inst/s_sc_xpm_cdc_async_rst_inst/reset_pol                                                                                           |                1 |              3 |         3.00 |
|  soc_core_i/processing_system7_0/inst/FCLK_CLK0 |                                                                                                                                                                                                              | soc_core_i/smartconnect_0/inst/s00_entry_pipeline/s00_si_converter/inst/xpm_cdc_async_rst_inst/reset_pol                                                                                 |                1 |              3 |         3.00 |
|  soc_core_i/processing_system7_0/inst/FCLK_CLK0 |                                                                                                                                                                                                              | soc_core_i/smartconnect_0/inst/m00_nodes/m00_ar_node/inst/s_sc_xpm_cdc_async_rst_inst/reset_pol                                                                                          |                1 |              3 |         3.00 |
|  soc_core_i/processing_system7_0/inst/FCLK_CLK0 | soc_core_i/smartconnect_0/inst/s00_entry_pipeline/s00_si_converter/inst/gen_normal.splitter_inst/gen_no_wsplitter.gen_endpoint_woffset.gen_wbypass_offset_fifo.wbypass_offset_fifo/gen_srls[7].srl_nx1/shift |                                                                                                                                                                                          |                1 |              3 |         3.00 |
|  soc_core_i/processing_system7_0/inst/FCLK_CLK0 | soc_core_i/smartconnect_0/inst/s00_entry_pipeline/s00_si_converter/inst/gen_normal.splitter_inst/gen_no_wsplitter.gen_endpoint_woffset.gen_wbypass_offset_fifo.wbypass_offset_fifo/gen_pipelined.load_mesg   |                                                                                                                                                                                          |                2 |              3 |         1.50 |
|  soc_core_i/processing_system7_0/inst/FCLK_CLK0 |                                                                                                                                                                                                              | soc_core_i/smartconnect_0/inst/m00_exit_pipeline/m00_exit/inst/xpm_cdc_async_rst_inst/reset_pol                                                                                          |                1 |              3 |         3.00 |
|  soc_core_i/processing_system7_0/inst/FCLK_CLK0 |                                                                                                                                                                                                              | soc_core_i/smartconnect_0/inst/m00_nodes/m00_r_node/inst/s_sc_xpm_cdc_async_rst_inst/reset_pol                                                                                           |                1 |              3 |         3.00 |
|  soc_core_i/processing_system7_0/inst/FCLK_CLK0 |                                                                                                                                                                                                              | soc_core_i/smartconnect_0/inst/m00_nodes/m00_aw_node/inst/inst_mi_handler/m_sc_areset_r                                                                                                  |                4 |              4 |         1.00 |
|  soc_core_i/processing_system7_0/inst/FCLK_CLK0 |                                                                                                                                                                                                              | soc_core_i/smartconnect_0/inst/m00_nodes/m00_w_node/inst/inst_mi_handler/m_sc_areset_r                                                                                                   |                4 |              4 |         1.00 |
|  soc_core_i/processing_system7_0/inst/FCLK_CLK0 |                                                                                                                                                                                                              | soc_core_i/smartconnect_0/inst/s00_nodes/s00_r_node/inst/inst_mi_handler/m_sc_areset_r                                                                                                   |                3 |              4 |         1.33 |
|  soc_core_i/processing_system7_0/inst/FCLK_CLK0 | soc_core_i/smartconnect_0/inst/m00_exit_pipeline/m00_exit/inst/exit_inst/gen_r_cmd_fifo.r_cmd_fifo/fifoaddr[3]_i_1_n_0                                                                                       | soc_core_i/smartconnect_0/inst/m00_exit_pipeline/m00_exit/inst/areset                                                                                                                    |                1 |              4 |         4.00 |
|  soc_core_i/processing_system7_0/inst/FCLK_CLK0 |                                                                                                                                                                                                              | soc_core_i/axi_bram_ctrl_0/U0/gext_inst.abcv4_0_ext_inst/GEN_AXI4.I_FULL_AXI/I_WR_CHNL/GEN_AWREADY.axi_aresetn_d3_reg_0                                                                  |                2 |              4 |         2.00 |
|  soc_core_i/processing_system7_0/inst/FCLK_CLK0 |                                                                                                                                                                                                              | soc_core_i/smartconnect_0/inst/m00_nodes/m00_ar_node/inst/inst_si_handler/areset_r_0                                                                                                     |                1 |              4 |         4.00 |
|  soc_core_i/processing_system7_0/inst/FCLK_CLK0 |                                                                                                                                                                                                              | soc_core_i/smartconnect_0/inst/m00_nodes/m00_ar_node/inst/inst_mi_handler/m_sc_areset_r                                                                                                  |                2 |              4 |         2.00 |
|  soc_core_i/processing_system7_0/inst/FCLK_CLK0 | soc_core_i/axi_bram_ctrl_0/U0/gext_inst.abcv4_0_ext_inst/GEN_AXI4.I_FULL_AXI/I_WR_CHNL/wrdata_reg_ld                                                                                                         | soc_core_i/axi_bram_ctrl_0/U0/gext_inst.abcv4_0_ext_inst/GEN_AXI4.I_FULL_AXI/I_WR_CHNL/GEN_WR_NO_ECC.bram_we_int[3]_i_1_n_0                                                              |                1 |              4 |         4.00 |
|  soc_core_i/processing_system7_0/inst/FCLK_CLK0 |                                                                                                                                                                                                              | soc_core_i/rst_ps7_0_50M/U0/EXT_LPF/lpf_int                                                                                                                                              |                2 |              4 |         2.00 |
|  soc_core_i/processing_system7_0/inst/FCLK_CLK0 | soc_core_i/axi_bram_ctrl_0/U0/gext_inst.abcv4_0_ext_inst/GEN_AXI4.I_FULL_AXI/I_RD_CHNL/FSM_sequential_GEN_NO_RD_CMD_OPT.rd_data_sm_cs[3]_i_1_n_0                                                             | soc_core_i/axi_bram_ctrl_0/U0/gext_inst.abcv4_0_ext_inst/GEN_AXI4.I_FULL_AXI/I_RD_CHNL/GEN_NO_RD_CMD_OPT.I_WRAP_BRST/SR[0]                                                               |                2 |              4 |         2.00 |
|  soc_core_i/processing_system7_0/inst/FCLK_CLK0 | soc_core_i/smartconnect_0/inst/s00_entry_pipeline/s00_si_converter/inst/gen_normal.splitter_inst/gen_no_wsplitter.gen_endpoint_woffset.gen_wbypass_offset_fifo.wbypass_offset_fifo/fifoaddr[3]_i_1__0_n_0    | soc_core_i/smartconnect_0/inst/s00_entry_pipeline/s00_si_converter/inst/areset                                                                                                           |                1 |              4 |         4.00 |
|  soc_core_i/processing_system7_0/inst/FCLK_CLK0 |                                                                                                                                                                                                              | soc_core_i/smartconnect_0/inst/clk_map/psr_aclk/U0/EXT_LPF/lpf_int                                                                                                                       |                2 |              4 |         2.00 |
|  soc_core_i/processing_system7_0/inst/FCLK_CLK0 |                                                                                                                                                                                                              | soc_core_i/smartconnect_0/inst/s00_nodes/s00_b_node/inst/inst_mi_handler/m_sc_areset_r                                                                                                   |                4 |              4 |         1.00 |
|  soc_core_i/processing_system7_0/inst/FCLK_CLK0 | soc_core_i/smartconnect_0/inst/s00_entry_pipeline/s00_transaction_regulator/inst/gen_endpoint.gen_r_singleorder.r_singleorder/gen_id_fifo.singleorder_fifo/fifoaddr[3]_i_1__0_n_0                            | soc_core_i/smartconnect_0/inst/s00_entry_pipeline/s00_transaction_regulator/inst/areset                                                                                                  |                2 |              4 |         2.00 |
|  soc_core_i/processing_system7_0/inst/FCLK_CLK0 | soc_core_i/smartconnect_0/inst/s00_entry_pipeline/s00_transaction_regulator/inst/gen_endpoint.gen_w_singleorder.w_singleorder/gen_id_fifo.singleorder_fifo/fifoaddr[3]_i_1_n_0                               | soc_core_i/smartconnect_0/inst/s00_entry_pipeline/s00_transaction_regulator/inst/areset                                                                                                  |                1 |              4 |         4.00 |
|  soc_core_i/processing_system7_0/inst/FCLK_CLK0 | soc_core_i/smartconnect_0/inst/m00_nodes/m00_aw_node/inst/inst_si_handler/gen_m_axis_arb_fifo.inst_axis_arb_fifo/fifoaddr[3]_i_1_n_0                                                                         | soc_core_i/smartconnect_0/inst/m00_nodes/m00_aw_node/inst/inst_si_handler/areset_r_0                                                                                                     |                1 |              4 |         4.00 |
|  soc_core_i/processing_system7_0/inst/FCLK_CLK0 | soc_core_i/smartconnect_0/inst/m00_exit_pipeline/m00_exit/inst/exit_inst/gen_w_cmd_fifo.w_cmd_fifo/fifoaddr[3]_i_1__0_n_0                                                                                    | soc_core_i/smartconnect_0/inst/m00_exit_pipeline/m00_exit/inst/areset                                                                                                                    |                1 |              4 |         4.00 |
|  soc_core_i/processing_system7_0/inst/FCLK_CLK0 | soc_core_i/smartconnect_0/inst/s00_entry_pipeline/s00_mmu/inst/ar_sreg/E[0]                                                                                                                                  | soc_core_i/smartconnect_0/inst/s00_entry_pipeline/s00_mmu/inst/areset                                                                                                                    |                2 |              5 |         2.50 |
|  soc_core_i/processing_system7_0/inst/FCLK_CLK0 | soc_core_i/smartconnect_0/inst/s00_entry_pipeline/s00_mmu/inst/aw_sreg/gen_endpoint.w_push_done_reg[0]                                                                                                       | soc_core_i/smartconnect_0/inst/s00_entry_pipeline/s00_mmu/inst/areset_d                                                                                                                  |                2 |              5 |         2.50 |
|  soc_core_i/processing_system7_0/inst/FCLK_CLK0 | soc_core_i/smartconnect_0/inst/s00_entry_pipeline/s00_mmu/inst/aw_sreg/E[0]                                                                                                                                  | soc_core_i/smartconnect_0/inst/s00_entry_pipeline/s00_mmu/inst/areset_d                                                                                                                  |                3 |              5 |         1.67 |
|  soc_core_i/processing_system7_0/inst/FCLK_CLK0 | soc_core_i/smartconnect_0/inst/s00_entry_pipeline/s00_si_converter/inst/converter.low_area_converter.low_area_wrap_inst/w_resp_fifo/fifoaddr[4]_i_1_n_0                                                      | soc_core_i/smartconnect_0/inst/s00_entry_pipeline/s00_si_converter/inst/areset                                                                                                           |                1 |              5 |         5.00 |
|  soc_core_i/processing_system7_0/inst/FCLK_CLK0 | soc_core_i/smartconnect_0/inst/s00_nodes/s00_aw_node/inst/inst_mi_handler/gen_normal_area.gen_fifo_req.inst_fifo_req/gen_xpm_memory_fifo.inst_fifo/gen_mem_rep[0].inst_rd_addrb/rd_addrb_incr                | soc_core_i/smartconnect_0/inst/s00_nodes/s00_aw_node/inst/inst_mi_handler/m_sc_areset_r                                                                                                  |                3 |              6 |         2.00 |
|  soc_core_i/processing_system7_0/inst/FCLK_CLK0 | soc_core_i/smartconnect_0/inst/s00_nodes/s00_b_node/inst/inst_mi_handler/gen_normal_area.gen_node_prog_full.inst_node_prog_full/gen_xpm_memory_fifo.inst_fifo/gen_mem_rep[0].inst_rd_addrb/rd_addrb_incr     | soc_core_i/smartconnect_0/inst/s00_nodes/s00_b_node/inst/inst_mi_handler/m_sc_areset_r                                                                                                   |                1 |              6 |         6.00 |
|  soc_core_i/processing_system7_0/inst/FCLK_CLK0 | soc_core_i/smartconnect_0/inst/s00_nodes/s00_r_node/inst/inst_mi_handler/gen_normal_area.gen_node_prog_full.inst_node_prog_full/gen_xpm_memory_fifo.inst_fifo/gen_mem_rep[0].inst_rd_addrb/rd_addrb_incr     | soc_core_i/smartconnect_0/inst/s00_nodes/s00_r_node/inst/inst_mi_handler/m_sc_areset_r                                                                                                   |                3 |              6 |         2.00 |
|  soc_core_i/processing_system7_0/inst/FCLK_CLK0 | soc_core_i/smartconnect_0/inst/s00_nodes/s00_w_node/inst/inst_mi_handler/gen_normal_area.inst_fifo_send/m_sc_req[0]                                                                                          | soc_core_i/smartconnect_0/inst/m00_nodes/m00_w_node/inst/inst_si_handler/areset_r_0                                                                                                      |                2 |              6 |         3.00 |
|  soc_core_i/processing_system7_0/inst/FCLK_CLK0 |                                                                                                                                                                                                              | soc_core_i/smartconnect_0/inst/s00_entry_pipeline/s00_transaction_regulator/inst/areset                                                                                                  |                3 |              6 |         2.00 |
|  soc_core_i/processing_system7_0/inst/FCLK_CLK0 | soc_core_i/smartconnect_0/inst/m00_nodes/m00_w_node/inst/inst_mi_handler/gen_normal_area.gen_node_prog_full.inst_node_prog_full/gen_xpm_memory_fifo.inst_fifo/gen_mem_rep[0].inst_rd_addrb/rd_addrb_incr     | soc_core_i/smartconnect_0/inst/m00_nodes/m00_w_node/inst/inst_mi_handler/m_sc_areset_r                                                                                                   |                3 |              6 |         2.00 |
|  soc_core_i/processing_system7_0/inst/FCLK_CLK0 | soc_core_i/smartconnect_0/inst/clk_map/psr_aclk/U0/SEQ/seq_cnt_en                                                                                                                                            | soc_core_i/smartconnect_0/inst/clk_map/psr_aclk/U0/SEQ/SEQ_COUNTER/clear                                                                                                                 |                1 |              6 |         6.00 |
|  soc_core_i/processing_system7_0/inst/FCLK_CLK0 | soc_core_i/smartconnect_0/inst/s00_entry_pipeline/s00_si_converter/inst/converter.low_area_converter.low_area_wrap_inst/num_outstanding_bursts_read[0]                                                       | soc_core_i/smartconnect_0/inst/s00_entry_pipeline/s00_si_converter/inst/areset                                                                                                           |                2 |              6 |         3.00 |
|  soc_core_i/processing_system7_0/inst/FCLK_CLK0 | soc_core_i/smartconnect_0/inst/m00_nodes/m00_ar_node/inst/inst_mi_handler/gen_normal_area.gen_node_prog_full.inst_node_prog_full/gen_xpm_memory_fifo.inst_fifo/gen_mem_rep[0].inst_rd_addrb/rd_addrb_incr    | soc_core_i/smartconnect_0/inst/m00_nodes/m00_ar_node/inst/inst_mi_handler/m_sc_areset_r                                                                                                  |                2 |              6 |         3.00 |
|  soc_core_i/processing_system7_0/inst/FCLK_CLK0 | soc_core_i/smartconnect_0/inst/m00_nodes/m00_aw_node/inst/inst_mi_handler/gen_normal_area.gen_node_prog_full.inst_node_prog_full/gen_xpm_memory_fifo.inst_fifo/gen_mem_rep[0].inst_rd_addrb/rd_addrb_incr    | soc_core_i/smartconnect_0/inst/m00_nodes/m00_aw_node/inst/inst_mi_handler/m_sc_areset_r                                                                                                  |                2 |              6 |         3.00 |
|  soc_core_i/processing_system7_0/inst/FCLK_CLK0 | soc_core_i/rst_ps7_0_50M/U0/SEQ/seq_cnt_en                                                                                                                                                                   | soc_core_i/rst_ps7_0_50M/U0/SEQ/SEQ_COUNTER/clear                                                                                                                                        |                1 |              6 |         6.00 |
|  soc_core_i/processing_system7_0/inst/FCLK_CLK0 | soc_core_i/smartconnect_0/inst/s00_entry_pipeline/s00_si_converter/inst/converter.low_area_converter.low_area_wrap_inst/w_resp_fifo/E[0]                                                                     | soc_core_i/smartconnect_0/inst/s00_entry_pipeline/s00_si_converter/inst/areset                                                                                                           |                3 |              6 |         2.00 |
|  soc_core_i/processing_system7_0/inst/FCLK_CLK0 | soc_core_i/smartconnect_0/inst/s00_nodes/s00_ar_node/inst/inst_mi_handler/gen_normal_area.gen_fifo_req.inst_fifo_req/gen_xpm_memory_fifo.inst_fifo/gen_mem_rep[0].inst_rd_addrb/rd_addrb_incr                | soc_core_i/smartconnect_0/inst/s00_nodes/s00_ar_node/inst/inst_mi_handler/m_sc_areset_r                                                                                                  |                3 |              6 |         2.00 |
|  soc_core_i/processing_system7_0/inst/FCLK_CLK0 | soc_core_i/smartconnect_0/inst/s00_entry_pipeline/s00_si_converter/inst/converter.low_area_converter.low_area_wrap_inst/num_outstanding_writes_resp[0]                                                       | soc_core_i/smartconnect_0/inst/s00_entry_pipeline/s00_si_converter/inst/areset                                                                                                           |                2 |              6 |         3.00 |
|  soc_core_i/processing_system7_0/inst/FCLK_CLK0 | soc_core_i/smartconnect_0/inst/s00_entry_pipeline/s00_si_converter/inst/converter.low_area_converter.low_area_wrap_inst/num_outstanding_writes[0]                                                            | soc_core_i/smartconnect_0/inst/s00_entry_pipeline/s00_si_converter/inst/areset                                                                                                           |                3 |              6 |         2.00 |
|  soc_core_i/processing_system7_0/inst/FCLK_CLK0 | soc_core_i/smartconnect_0/inst/m00_nodes/m00_b_node/inst/inst_mi_handler/gen_normal_area.gen_fifo_req.inst_fifo_req/gen_xpm_memory_fifo.inst_fifo/gen_mem_rep[0].inst_rd_addrb/rd_addrb_incr                 | soc_core_i/smartconnect_0/inst/m00_nodes/m00_b_node/inst/inst_mi_handler/m_sc_areset_r                                                                                                   |                4 |              7 |         1.75 |
|  soc_core_i/processing_system7_0/inst/FCLK_CLK0 |                                                                                                                                                                                                              | soc_core_i/smartconnect_0/inst/s00_nodes/s00_w_node/inst/inst_mi_handler/m_sc_areset_r                                                                                                   |                4 |              7 |         1.75 |
|  soc_core_i/processing_system7_0/inst/FCLK_CLK0 | soc_core_i/smartconnect_0/inst/s00_entry_pipeline/s00_si_converter/inst/converter.low_area_converter.low_area_wrap_inst/read_bytes[6]_i_1_n_0                                                                | soc_core_i/smartconnect_0/inst/s00_entry_pipeline/s00_si_converter/inst/areset                                                                                                           |                2 |              7 |         3.50 |
|  soc_core_i/processing_system7_0/inst/FCLK_CLK0 | soc_core_i/smartconnect_0/inst/m00_nodes/m00_r_node/inst/inst_mi_handler/gen_normal_area.gen_fifo_req.inst_fifo_req/gen_xpm_memory_fifo.inst_fifo/gen_mem_rep[0].inst_rd_addrb/rd_addrb_incr                 | soc_core_i/smartconnect_0/inst/m00_nodes/m00_r_node/inst/inst_mi_handler/m_sc_areset_r                                                                                                   |                3 |              7 |         2.33 |
|  soc_core_i/processing_system7_0/inst/FCLK_CLK0 |                                                                                                                                                                                                              | soc_core_i/smartconnect_0/inst/s00_nodes/s00_aw_node/inst/inst_mi_handler/m_sc_areset_r                                                                                                  |                5 |              7 |         1.40 |
|  soc_core_i/processing_system7_0/inst/FCLK_CLK0 |                                                                                                                                                                                                              | soc_core_i/smartconnect_0/inst/s00_nodes/s00_ar_node/inst/inst_mi_handler/m_sc_areset_r                                                                                                  |                4 |              7 |         1.75 |
|  soc_core_i/processing_system7_0/inst/FCLK_CLK0 | soc_core_i/smartconnect_0/inst/s00_nodes/s00_w_node/inst/inst_mi_handler/gen_normal_area.gen_fifo_req.inst_fifo_req/gen_xpm_memory_fifo.inst_fifo/gen_mem_rep[0].inst_rd_addrb/rd_addrb_incr                 | soc_core_i/smartconnect_0/inst/s00_nodes/s00_w_node/inst/inst_mi_handler/m_sc_areset_r                                                                                                   |                3 |              7 |         2.33 |
|  soc_core_i/processing_system7_0/inst/FCLK_CLK0 |                                                                                                                                                                                                              | soc_core_i/smartconnect_0/inst/m00_nodes/m00_aw_node/inst/inst_si_handler/areset_r_0                                                                                                     |                3 |              8 |         2.67 |
|  soc_core_i/processing_system7_0/inst/FCLK_CLK0 | soc_core_i/smartconnect_0/inst/s00_entry_pipeline/s00_si_converter/inst/converter.low_area_converter.low_area_wrap_inst/first_rd_iterations[7]_i_1_n_0                                                       | soc_core_i/smartconnect_0/inst/s00_entry_pipeline/s00_si_converter/inst/areset                                                                                                           |                4 |              8 |         2.00 |
|  soc_core_i/processing_system7_0/inst/FCLK_CLK0 | soc_core_i/smartconnect_0/inst/s00_entry_pipeline/s00_si_converter/inst/converter.low_area_converter.low_area_wrap_inst/si_rd_count[7]_i_1_n_0                                                               | soc_core_i/smartconnect_0/inst/s00_entry_pipeline/s00_si_converter/inst/areset                                                                                                           |                5 |              8 |         1.60 |
|  soc_core_i/processing_system7_0/inst/FCLK_CLK0 | soc_core_i/smartconnect_0/inst/s00_entry_pipeline/s00_mmu/inst/gen_endpoint.decerr_slave_inst/gen_axi.gen_read.read_cnt[7]_i_1_n_0                                                                           | soc_core_i/smartconnect_0/inst/s00_entry_pipeline/s00_mmu/inst/areset                                                                                                                    |                3 |              8 |         2.67 |
|  soc_core_i/processing_system7_0/inst/FCLK_CLK0 | soc_core_i/axi_bram_ctrl_0/U0/gext_inst.abcv4_0_ext_inst/GEN_AXI4.I_FULL_AXI/I_RD_CHNL/GEN_NO_RD_CMD_OPT.brst_cnt[7]_i_1_n_0                                                                                 | soc_core_i/axi_bram_ctrl_0/U0/gext_inst.abcv4_0_ext_inst/GEN_AXI4.I_FULL_AXI/I_RD_CHNL/GEN_NO_RD_CMD_OPT.I_WRAP_BRST/SR[0]                                                               |                3 |              8 |         2.67 |
|  soc_core_i/processing_system7_0/inst/FCLK_CLK0 | soc_core_i/smartconnect_0/inst/s00_nodes/s00_b_node/inst/inst_mi_handler/gen_normal_area.inst_fifo_node_payld/gen_xpm_memory_fifo.inst_fifo/gen_mem_rep[0].inst_rd_addrb/rd_addrb_incr                       | soc_core_i/smartconnect_0/inst/s00_nodes/s00_b_node/inst/inst_mi_handler/m_sc_areset_r                                                                                                   |                4 |              8 |         2.00 |
|  soc_core_i/processing_system7_0/inst/FCLK_CLK0 | soc_core_i/smartconnect_0/inst/s00_nodes/s00_b_node/inst/inst_mi_handler/gen_normal_area.inst_fifo_node_payld/gen_xpm_memory_fifo.inst_fifo/wr_wea                                                           |                                                                                                                                                                                          |                1 |              8 |         8.00 |
|  soc_core_i/processing_system7_0/inst/FCLK_CLK0 | soc_core_i/smartconnect_0/inst/s00_entry_pipeline/s00_si_converter/inst/converter.low_area_converter.low_area_wrap_inst/b_cnt[8]_i_1_n_0                                                                     | soc_core_i/smartconnect_0/inst/s00_entry_pipeline/s00_si_converter/inst/areset                                                                                                           |                2 |              9 |         4.50 |
|  soc_core_i/processing_system7_0/inst/FCLK_CLK0 |                                                                                                                                                                                                              | soc_core_i/smartconnect_0/inst/m00_nodes/m00_r_node/inst/inst_mi_handler/m_sc_areset_r                                                                                                   |                5 |              9 |         1.80 |
|  soc_core_i/processing_system7_0/inst/FCLK_CLK0 | soc_core_i/smartconnect_0/inst/s00_entry_pipeline/s00_si_converter/inst/converter.low_area_converter.low_area_wrap_inst/w_cnt[8]_i_1_n_0                                                                     | soc_core_i/smartconnect_0/inst/s00_entry_pipeline/s00_si_converter/inst/areset                                                                                                           |                3 |              9 |         3.00 |
|  soc_core_i/processing_system7_0/inst/FCLK_CLK0 | soc_core_i/smartconnect_0/inst/s00_entry_pipeline/s00_si_converter/inst/converter.low_area_converter.low_area_wrap_inst/w_resp_fifo/gen_srls[9].srl_nx1/shift                                                |                                                                                                                                                                                          |                3 |              9 |         3.00 |
|  soc_core_i/processing_system7_0/inst/FCLK_CLK0 | soc_core_i/smartconnect_0/inst/s00_entry_pipeline/s00_si_converter/inst/converter.low_area_converter.low_area_wrap_inst/w_resp_fifo/gen_pipelined.load_mesg                                                  |                                                                                                                                                                                          |                4 |              9 |         2.25 |
|  soc_core_i/processing_system7_0/inst/FCLK_CLK0 | soc_core_i/smartconnect_0/inst/m00_nodes/m00_b_node/inst/inst_mi_handler/gen_normal_area.inst_fifo_node_payld/gen_xpm_memory_fifo.inst_fifo/gen_mem_rep[0].inst_rd_addrb/rd_addrb_incr                       | soc_core_i/smartconnect_0/inst/m00_nodes/m00_b_node/inst/inst_mi_handler/m_sc_areset_r                                                                                                   |                4 |              9 |         2.25 |
|  soc_core_i/processing_system7_0/inst/FCLK_CLK0 |                                                                                                                                                                                                              | soc_core_i/smartconnect_0/inst/m00_nodes/m00_b_node/inst/inst_mi_handler/m_sc_areset_r                                                                                                   |                3 |              9 |         3.00 |
|  soc_core_i/processing_system7_0/inst/FCLK_CLK0 | soc_core_i/smartconnect_0/inst/s00_entry_pipeline/s00_si_converter/inst/converter.low_area_converter.low_area_wrap_inst/w_resp_fifo/FSM_onehot_w_state_reg[0][0]                                             | soc_core_i/smartconnect_0/inst/s00_entry_pipeline/s00_si_converter/inst/areset                                                                                                           |                2 |             10 |         5.00 |
|  soc_core_i/processing_system7_0/inst/FCLK_CLK0 | soc_core_i/smartconnect_0/inst/m00_nodes/m00_b_node/inst/inst_mi_handler/gen_normal_area.inst_fifo_node_payld/gen_xpm_memory_fifo.inst_fifo/wr_wea                                                           |                                                                                                                                                                                          |                2 |             10 |         5.00 |
|  soc_core_i/processing_system7_0/inst/FCLK_CLK0 | soc_core_i/axi_bram_ctrl_0/U0/gext_inst.abcv4_0_ext_inst/GEN_AXI4.I_FULL_AXI/I_WR_CHNL/I_WRAP_BRST/s_axi_wvalid_0[0]                                                                                         | soc_core_i/axi_bram_ctrl_0/U0/gext_inst.abcv4_0_ext_inst/GEN_AXI4.I_FULL_AXI/I_WR_CHNL/I_WRAP_BRST/s_axi_aresetn_0                                                                       |                5 |             10 |         2.00 |
|  soc_core_i/processing_system7_0/inst/FCLK_CLK0 | soc_core_i/smartconnect_0/inst/s00_entry_pipeline/s00_si_converter/inst/converter.low_area_converter.low_area_wrap_inst/next_araddr_i[0]                                                                     | soc_core_i/smartconnect_0/inst/s00_entry_pipeline/s00_si_converter/inst/areset                                                                                                           |                3 |             10 |         3.33 |
|  soc_core_i/processing_system7_0/inst/FCLK_CLK0 | soc_core_i/axi_bram_ctrl_0/U0/gext_inst.abcv4_0_ext_inst/GEN_AXI4.I_FULL_AXI/I_RD_CHNL/GEN_NO_RD_CMD_OPT.I_WRAP_BRST/E[0]                                                                                    |                                                                                                                                                                                          |                5 |             10 |         2.00 |
|  soc_core_i/processing_system7_0/inst/FCLK_CLK0 | soc_core_i/smartconnect_0/inst/s00_entry_pipeline/s00_si_converter/inst/converter.low_area_converter.low_area_wrap_inst/s_rvalid_i_i_1_n_0                                                                   | soc_core_i/smartconnect_0/inst/s00_entry_pipeline/s00_si_converter/inst/areset                                                                                                           |                7 |             11 |         1.57 |
|  soc_core_i/processing_system7_0/inst/FCLK_CLK0 | soc_core_i/smartconnect_0/inst/s00_entry_pipeline/s00_si_converter/inst/converter.low_area_converter.low_area_wrap_inst/r_cnt[10]_i_1_n_0                                                                    | soc_core_i/smartconnect_0/inst/s00_entry_pipeline/s00_si_converter/inst/areset                                                                                                           |                4 |             11 |         2.75 |
|  soc_core_i/processing_system7_0/inst/FCLK_CLK0 | soc_core_i/smartconnect_0/inst/s00_entry_pipeline/s00_si_converter/inst/converter.low_area_converter.low_area_wrap_inst/conv_size[0]                                                                         | soc_core_i/smartconnect_0/inst/s00_entry_pipeline/s00_si_converter/inst/areset                                                                                                           |                4 |             11 |         2.75 |
|  soc_core_i/processing_system7_0/inst/FCLK_CLK0 | soc_core_i/smartconnect_0/inst/s00_entry_pipeline/s00_si_converter/inst/converter.low_area_converter.low_area_wrap_inst/w_wrap_last_awaddr[0]                                                                | soc_core_i/smartconnect_0/inst/s00_entry_pipeline/s00_si_converter/inst/areset                                                                                                           |                3 |             12 |         4.00 |
|  soc_core_i/processing_system7_0/inst/FCLK_CLK0 | soc_core_i/smartconnect_0/inst/m00_nodes/m00_ar_node/inst/inst_si_handler/gen_si_handler.gen_arbiter_rr_normal_area.inst_arbiter/s_sc_handshake[0]                                                           | soc_core_i/smartconnect_0/inst/m00_nodes/m00_ar_node/inst/inst_mi_handler/areset_r                                                                                                       |                3 |             12 |         4.00 |
|  soc_core_i/processing_system7_0/inst/FCLK_CLK0 | soc_core_i/smartconnect_0/inst/s00_entry_pipeline/s00_transaction_regulator/inst/gen_endpoint.gen_w_singleorder.w_singleorder/gen_id_fifo.singleorder_fifo/gen_srls[11].srl_nx1/shift                        |                                                                                                                                                                                          |                3 |             12 |         4.00 |
|  soc_core_i/processing_system7_0/inst/FCLK_CLK0 | soc_core_i/smartconnect_0/inst/s00_entry_pipeline/s00_si_converter/inst/converter.low_area_converter.low_area_wrap_inst/conv_araddr[11]_i_1_n_0                                                              | soc_core_i/smartconnect_0/inst/s00_entry_pipeline/s00_si_converter/inst/areset                                                                                                           |                5 |             12 |         2.40 |
|  soc_core_i/processing_system7_0/inst/FCLK_CLK0 | soc_core_i/smartconnect_0/inst/s00_entry_pipeline/s00_si_converter/inst/converter.low_area_converter.low_area_wrap_inst/conv_addr_i[11]_i_1_n_0                                                              | soc_core_i/smartconnect_0/inst/s00_entry_pipeline/s00_si_converter/inst/areset                                                                                                           |                5 |             12 |         2.40 |
|  soc_core_i/processing_system7_0/inst/FCLK_CLK0 | soc_core_i/smartconnect_0/inst/s00_entry_pipeline/s00_transaction_regulator/inst/gen_endpoint.gen_r_singleorder.r_singleorder/gen_id_fifo.singleorder_fifo/gen_srls[11].srl_nx1/shift                        |                                                                                                                                                                                          |                4 |             12 |         3.00 |
|  soc_core_i/processing_system7_0/inst/FCLK_CLK0 | soc_core_i/smartconnect_0/inst/s00_entry_pipeline/s00_si_converter/inst/converter.low_area_converter.low_area_wrap_inst/next_awaddr_i[0]                                                                     | soc_core_i/smartconnect_0/inst/s00_entry_pipeline/s00_si_converter/inst/areset                                                                                                           |                3 |             12 |         4.00 |
|  soc_core_i/processing_system7_0/inst/FCLK_CLK0 | soc_core_i/smartconnect_0/inst/s00_entry_pipeline/s00_mmu/inst/b_sreg/skid_buffer[1035]_i_1__0_n_0                                                                                                           |                                                                                                                                                                                          |                3 |             12 |         4.00 |
|  soc_core_i/processing_system7_0/inst/FCLK_CLK0 | soc_core_i/smartconnect_0/inst/s00_entry_pipeline/s00_si_converter/inst/converter.low_area_converter.low_area_wrap_inst/w_wrap_awaddr[0]                                                                     | soc_core_i/smartconnect_0/inst/s00_entry_pipeline/s00_si_converter/inst/areset                                                                                                           |                3 |             12 |         4.00 |
|  soc_core_i/processing_system7_0/inst/FCLK_CLK0 | soc_core_i/smartconnect_0/inst/m00_nodes/m00_aw_node/inst/inst_si_handler/gen_si_handler.gen_arbiter_rr_normal_area.inst_arbiter/s_sc_handshake[0]                                                           | soc_core_i/smartconnect_0/inst/m00_nodes/m00_aw_node/inst/inst_mi_handler/areset_r                                                                                                       |                5 |             12 |         2.40 |
|  soc_core_i/processing_system7_0/inst/FCLK_CLK0 | soc_core_i/smartconnect_0/inst/s00_entry_pipeline/s00_si_converter/inst/converter.low_area_converter.low_area_wrap_inst/r_wrap_last_araddr[0]                                                                | soc_core_i/smartconnect_0/inst/s00_entry_pipeline/s00_si_converter/inst/areset                                                                                                           |                3 |             12 |         4.00 |
|  soc_core_i/processing_system7_0/inst/FCLK_CLK0 | soc_core_i/smartconnect_0/inst/m00_nodes/m00_ar_node/inst/inst_mi_handler/inst_ingress/inst_pipeline_valid/ingress_valid                                                                                     | soc_core_i/smartconnect_0/inst/m00_nodes/m00_ar_node/inst/inst_mi_handler/areset_r                                                                                                       |                5 |             12 |         2.40 |
|  soc_core_i/processing_system7_0/inst/FCLK_CLK0 | soc_core_i/smartconnect_0/inst/s00_entry_pipeline/s00_transaction_regulator/inst/gen_endpoint.gen_w_singleorder.w_singleorder/gen_id_fifo.singleorder_fifo/gen_pipelined.load_mesg                           |                                                                                                                                                                                          |                3 |             12 |         4.00 |
|  soc_core_i/processing_system7_0/inst/FCLK_CLK0 | soc_core_i/smartconnect_0/inst/s00_entry_pipeline/s00_transaction_regulator/inst/gen_endpoint.gen_r_singleorder.r_singleorder/gen_id_fifo.singleorder_fifo/gen_pipelined.load_mesg                           |                                                                                                                                                                                          |                3 |             12 |         4.00 |
|  soc_core_i/processing_system7_0/inst/FCLK_CLK0 | soc_core_i/smartconnect_0/inst/m00_nodes/m00_aw_node/inst/inst_mi_handler/inst_ingress/inst_pipeline_valid/ingress_valid                                                                                     | soc_core_i/smartconnect_0/inst/m00_nodes/m00_aw_node/inst/inst_mi_handler/areset_r                                                                                                       |                3 |             12 |         4.00 |
|  soc_core_i/processing_system7_0/inst/FCLK_CLK0 | soc_core_i/smartconnect_0/inst/m00_nodes/m00_w_node/inst/inst_mi_handler/inst_ingress/inst_pipeline_valid/ingress_valid                                                                                      | soc_core_i/smartconnect_0/inst/m00_nodes/m00_w_node/inst/inst_mi_handler/areset_r                                                                                                        |                4 |             12 |         3.00 |
|  soc_core_i/processing_system7_0/inst/FCLK_CLK0 | soc_core_i/smartconnect_0/inst/s00_nodes/s00_b_node/inst/inst_si_handler/s_sc_valid                                                                                                                          | soc_core_i/smartconnect_0/inst/s00_nodes/s00_b_node/inst/inst_mi_handler/areset_r                                                                                                        |                4 |             12 |         3.00 |
|  soc_core_i/processing_system7_0/inst/FCLK_CLK0 | soc_core_i/smartconnect_0/inst/m00_nodes/m00_w_node/inst/inst_si_handler/gen_si_handler.gen_request_fifos.gen_req_fifo[0].inst_req_fifo/gen_xpm_memory_fifo.inst_fifo/gen_pipelined.mesg_reg_reg[0]          | soc_core_i/smartconnect_0/inst/m00_nodes/m00_w_node/inst/inst_mi_handler/areset_r                                                                                                        |                5 |             12 |         2.40 |
|  soc_core_i/processing_system7_0/inst/FCLK_CLK0 | soc_core_i/smartconnect_0/inst/s00_nodes/s00_r_node/inst/inst_mi_handler/inst_ingress/inst_pipeline_valid/ingress_valid                                                                                      | soc_core_i/smartconnect_0/inst/s00_nodes/s00_r_node/inst/inst_mi_handler/areset_r                                                                                                        |                3 |             12 |         4.00 |
|  soc_core_i/processing_system7_0/inst/FCLK_CLK0 | soc_core_i/smartconnect_0/inst/s00_nodes/s00_r_node/inst/inst_si_handler/s_sc_valid                                                                                                                          | soc_core_i/smartconnect_0/inst/s00_nodes/s00_r_node/inst/inst_mi_handler/areset_r                                                                                                        |                5 |             12 |         2.40 |
|  soc_core_i/processing_system7_0/inst/FCLK_CLK0 | soc_core_i/smartconnect_0/inst/s00_entry_pipeline/s00_mmu/inst/gen_endpoint.decerr_slave_inst/gen_axi.gen_write.s_axi_bid_i[11]_i_1_n_0                                                                      | soc_core_i/smartconnect_0/inst/s00_entry_pipeline/s00_mmu/inst/areset                                                                                                                    |                2 |             12 |         6.00 |
|  soc_core_i/processing_system7_0/inst/FCLK_CLK0 | soc_core_i/smartconnect_0/inst/s00_entry_pipeline/s00_mmu/inst/gen_endpoint.decerr_slave_inst/gen_axi.gen_read.s_axi_rid_i[0]                                                                                | soc_core_i/smartconnect_0/inst/s00_entry_pipeline/s00_mmu/inst/areset                                                                                                                    |                2 |             12 |         6.00 |
|  soc_core_i/processing_system7_0/inst/FCLK_CLK0 | soc_core_i/smartconnect_0/inst/s00_nodes/s00_b_node/inst/inst_mi_handler/inst_ingress/inst_pipeline_valid/ingress_valid                                                                                      | soc_core_i/smartconnect_0/inst/s00_nodes/s00_b_node/inst/inst_mi_handler/areset_r                                                                                                        |                4 |             12 |         3.00 |
|  soc_core_i/processing_system7_0/inst/FCLK_CLK0 | soc_core_i/smartconnect_0/inst/s00_entry_pipeline/s00_mmu/inst/r_sreg/skid_buffer[1058]_i_1_n_0                                                                                                              |                                                                                                                                                                                          |                4 |             13 |         3.25 |
|  soc_core_i/processing_system7_0/inst/FCLK_CLK0 | soc_core_i/smartconnect_0/inst/s00_entry_pipeline/s00_mmu/inst/b_sreg/m_vector_i[0]                                                                                                                          |                                                                                                                                                                                          |                4 |             14 |         3.50 |
|  soc_core_i/processing_system7_0/inst/FCLK_CLK0 | soc_core_i/axi_bram_ctrl_0/U0/gext_inst.abcv4_0_ext_inst/GEN_AXI4.I_FULL_AXI/I_WR_CHNL/I_WRAP_BRST/E[0]                                                                                                      | soc_core_i/axi_bram_ctrl_0/U0/gext_inst.abcv4_0_ext_inst/GEN_AXI4.I_FULL_AXI/I_RD_CHNL/GEN_NO_RD_CMD_OPT.I_WRAP_BRST/SR[0]                                                               |                5 |             14 |         2.80 |
|  soc_core_i/processing_system7_0/inst/FCLK_CLK0 | soc_core_i/smartconnect_0/inst/s00_entry_pipeline/s00_si_converter/inst/converter.low_area_converter.low_area_wrap_inst/max_read_bytes[0]                                                                    | soc_core_i/smartconnect_0/inst/s00_entry_pipeline/s00_si_converter/inst/areset                                                                                                           |                5 |             15 |         3.00 |
|  soc_core_i/processing_system7_0/inst/FCLK_CLK0 | soc_core_i/smartconnect_0/inst/m00_exit_pipeline/m00_exit/inst/aw_reg/m_vector_i[0]                                                                                                                          |                                                                                                                                                                                          |                3 |             19 |         6.33 |
|  soc_core_i/processing_system7_0/inst/FCLK_CLK0 | soc_core_i/smartconnect_0/inst/m00_exit_pipeline/m00_exit/inst/ar_reg/m_vector_i[0]                                                                                                                          |                                                                                                                                                                                          |                4 |             19 |         4.75 |
|  soc_core_i/processing_system7_0/inst/FCLK_CLK0 | soc_core_i/smartconnect_0/inst/m00_exit_pipeline/m00_exit/inst/ar_reg/skid_buffer[1144]_i_1_n_0                                                                                                              |                                                                                                                                                                                          |                3 |             19 |         6.33 |
|  soc_core_i/processing_system7_0/inst/FCLK_CLK0 | soc_core_i/smartconnect_0/inst/m00_exit_pipeline/m00_exit/inst/aw_reg/skid_buffer[1144]_i_1__0_n_0                                                                                                           |                                                                                                                                                                                          |                3 |             19 |         6.33 |
|  soc_core_i/processing_system7_0/inst/FCLK_CLK0 | soc_core_i/axi_bram_ctrl_0/U0/gext_inst.abcv4_0_ext_inst/GEN_AXI4.I_FULL_AXI/I_RD_CHNL/araddr_pipe_ld50_out                                                                                                  |                                                                                                                                                                                          |                6 |             21 |         3.50 |
|  soc_core_i/processing_system7_0/inst/FCLK_CLK0 | soc_core_i/axi_bram_ctrl_0/U0/gext_inst.abcv4_0_ext_inst/GEN_AXI4.I_FULL_AXI/I_WR_CHNL/GEN_AW_PIPE_DUAL.axi_awlen_pipe[7]_i_1_n_0                                                                            |                                                                                                                                                                                          |                4 |             22 |         5.50 |
|  soc_core_i/processing_system7_0/inst/FCLK_CLK0 | soc_core_i/smartconnect_0/inst/s00_nodes/s00_w_node/inst/inst_si_handler/s_sc_valid                                                                                                                          | soc_core_i/smartconnect_0/inst/s00_nodes/s00_w_node/inst/inst_mi_handler/areset_r                                                                                                        |                9 |             24 |         2.67 |
|  soc_core_i/processing_system7_0/inst/FCLK_CLK0 | soc_core_i/smartconnect_0/inst/s00_nodes/s00_ar_node/inst/inst_si_handler/s_sc_valid                                                                                                                         | soc_core_i/smartconnect_0/inst/s00_nodes/s00_ar_node/inst/inst_mi_handler/areset_r                                                                                                       |                8 |             24 |         3.00 |
|  soc_core_i/processing_system7_0/inst/FCLK_CLK0 | soc_core_i/smartconnect_0/inst/m00_nodes/m00_b_node/inst/inst_si_handler/s_sc_valid                                                                                                                          | soc_core_i/smartconnect_0/inst/m00_nodes/m00_b_node/inst/inst_mi_handler/areset_r                                                                                                        |               10 |             24 |         2.40 |
|  soc_core_i/processing_system7_0/inst/FCLK_CLK0 | soc_core_i/smartconnect_0/inst/s00_nodes/s00_aw_node/inst/inst_si_handler/s_sc_valid                                                                                                                         | soc_core_i/smartconnect_0/inst/s00_nodes/s00_aw_node/inst/inst_mi_handler/areset_r                                                                                                       |                7 |             24 |         3.43 |
|  soc_core_i/processing_system7_0/inst/FCLK_CLK0 | soc_core_i/smartconnect_0/inst/m00_nodes/m00_r_node/inst/inst_si_handler/s_sc_valid                                                                                                                          | soc_core_i/smartconnect_0/inst/m00_nodes/m00_r_node/inst/inst_mi_handler/areset_r                                                                                                        |                9 |             24 |         2.67 |
|  soc_core_i/processing_system7_0/inst/FCLK_CLK0 | soc_core_i/smartconnect_0/inst/m00_nodes/m00_aw_node/inst/inst_mi_handler/gen_normal_area.inst_fifo_node_payld/gen_xpm_memory_fifo.inst_fifo/gen_mem_rep[0].inst_rd_addrb/rd_addrb_incr                      | soc_core_i/smartconnect_0/inst/m00_nodes/m00_aw_node/inst/inst_mi_handler/m_sc_areset_r                                                                                                  |                9 |             27 |         3.00 |
|  soc_core_i/processing_system7_0/inst/FCLK_CLK0 | soc_core_i/smartconnect_0/inst/s00_entry_pipeline/s00_si_converter/inst/converter.low_area_converter.low_area_wrap_inst/outstanding_awid[0]                                                                  | soc_core_i/smartconnect_0/inst/s00_entry_pipeline/s00_si_converter/inst/areset                                                                                                           |                7 |             27 |         3.86 |
|  soc_core_i/processing_system7_0/inst/FCLK_CLK0 | soc_core_i/smartconnect_0/inst/m00_nodes/m00_ar_node/inst/inst_mi_handler/gen_normal_area.inst_fifo_node_payld/gen_xpm_memory_fifo.inst_fifo/gen_mem_rep[0].inst_rd_addrb/rd_addrb_incr                      | soc_core_i/smartconnect_0/inst/m00_nodes/m00_ar_node/inst/inst_mi_handler/m_sc_areset_r                                                                                                  |                8 |             27 |         3.38 |
|  soc_core_i/processing_system7_0/inst/FCLK_CLK0 |                                                                                                                                                                                                              | soc_core_i/smartconnect_0/inst/m00_exit_pipeline/m00_exit/inst/areset                                                                                                                    |                9 |             28 |         3.11 |
|  soc_core_i/processing_system7_0/inst/FCLK_CLK0 | soc_core_i/smartconnect_0/inst/s00_entry_pipeline/s00_si_converter/inst/converter.low_area_converter.low_area_wrap_inst/r_burst_bytes[0]                                                                     | soc_core_i/smartconnect_0/inst/s00_entry_pipeline/s00_si_converter/inst/areset                                                                                                           |                8 |             28 |         3.50 |
|  soc_core_i/processing_system7_0/inst/FCLK_CLK0 |                                                                                                                                                                                                              | soc_core_i/axi_bram_ctrl_0/U0/gext_inst.abcv4_0_ext_inst/GEN_AXI4.I_FULL_AXI/I_RD_CHNL/GEN_NO_RD_CMD_OPT.I_WRAP_BRST/SR[0]                                                               |               20 |             30 |         1.50 |
|  soc_core_i/processing_system7_0/inst/FCLK_CLK0 | soc_core_i/axi_bram_ctrl_0/U0/gext_inst.abcv4_0_ext_inst/GEN_AXI4.I_FULL_AXI/I_WR_CHNL/wrdata_reg_ld                                                                                                         |                                                                                                                                                                                          |                4 |             32 |         8.00 |
|  soc_core_i/processing_system7_0/inst/FCLK_CLK0 | soc_core_i/axi_bram_ctrl_0/U0/gext_inst.abcv4_0_ext_inst/GEN_AXI4.I_FULL_AXI/I_RD_CHNL/rd_skid_buf_ld                                                                                                        | soc_core_i/axi_bram_ctrl_0/U0/gext_inst.abcv4_0_ext_inst/GEN_AXI4.I_FULL_AXI/I_RD_CHNL/GEN_NO_RD_CMD_OPT.I_WRAP_BRST/SR[0]                                                               |                7 |             32 |         4.57 |
|  soc_core_i/processing_system7_0/inst/FCLK_CLK0 | soc_core_i/axi_bram_ctrl_0/U0/gext_inst.abcv4_0_ext_inst/GEN_AXI4.I_FULL_AXI/I_RD_CHNL/axi_rdata_en                                                                                                          | soc_core_i/axi_bram_ctrl_0/U0/gext_inst.abcv4_0_ext_inst/GEN_AXI4.I_FULL_AXI/I_RD_CHNL/GEN_NO_RD_CMD_OPT.GEN_RDATA_NO_ECC.GEN_RDATA_NO_RL_NO_ECC.GEN_RDATA[31].axi_rdata_int[31]_i_1_n_0 |                5 |             32 |         6.40 |
|  soc_core_i/processing_system7_0/inst/FCLK_CLK0 | soc_core_i/smartconnect_0/inst/m00_exit_pipeline/m00_exit/inst/r_reg/skid_buffer[1090]_i_1_n_0                                                                                                               |                                                                                                                                                                                          |                6 |             33 |         5.50 |
|  soc_core_i/processing_system7_0/inst/FCLK_CLK0 | soc_core_i/smartconnect_0/inst/m00_exit_pipeline/m00_exit/inst/r_reg/m_vector_i[0]                                                                                                                           |                                                                                                                                                                                          |                5 |             33 |         6.60 |
|  soc_core_i/processing_system7_0/inst/FCLK_CLK0 | soc_core_i/smartconnect_0/inst/s00_entry_pipeline/s00_mmu/inst/r_sreg/skid_buffer[1058]_i_1_n_0                                                                                                              | soc_core_i/smartconnect_0/inst/s00_entry_pipeline/s00_mmu/inst/r_sreg/skid_buffer[1088]_i_1_n_0                                                                                          |                5 |             34 |         6.80 |
|  soc_core_i/processing_system7_0/inst/FCLK_CLK0 | soc_core_i/smartconnect_0/inst/s00_entry_pipeline/s00_mmu/inst/w_sreg/skid_buffer[2052]_i_1_n_0                                                                                                              |                                                                                                                                                                                          |                7 |             37 |         5.29 |
|  soc_core_i/processing_system7_0/inst/FCLK_CLK0 | soc_core_i/smartconnect_0/inst/s00_entry_pipeline/s00_mmu/inst/w_sreg/m_vector_i[0]                                                                                                                          |                                                                                                                                                                                          |                8 |             37 |         4.62 |
|  soc_core_i/processing_system7_0/inst/FCLK_CLK0 | soc_core_i/smartconnect_0/inst/m00_exit_pipeline/m00_exit/inst/w_reg/m_vector_i[0]                                                                                                                           |                                                                                                                                                                                          |                5 |             37 |         7.40 |
|  soc_core_i/processing_system7_0/inst/FCLK_CLK0 | soc_core_i/smartconnect_0/inst/m00_exit_pipeline/m00_exit/inst/w_reg/skid_buffer[2052]_i_1_n_0                                                                                                               |                                                                                                                                                                                          |                5 |             37 |         7.40 |
|  soc_core_i/processing_system7_0/inst/FCLK_CLK0 | soc_core_i/smartconnect_0/inst/s00_entry_pipeline/s00_si_converter/inst/converter.low_area_converter.low_area_wrap_inst/awready_i_i_1_n_0                                                                    | soc_core_i/smartconnect_0/inst/s00_entry_pipeline/s00_si_converter/inst/areset                                                                                                           |                7 |             37 |         5.29 |
|  soc_core_i/processing_system7_0/inst/FCLK_CLK0 | soc_core_i/smartconnect_0/inst/s00_nodes/s00_aw_node/inst/inst_mi_handler/gen_normal_area.inst_fifo_node_payld/gen_xpm_memory_fifo.inst_fifo/gen_mem_rep[0].inst_rd_addrb/rd_addrb_incr                      | soc_core_i/smartconnect_0/inst/s00_nodes/s00_aw_node/inst/inst_mi_handler/m_sc_areset_r                                                                                                  |               11 |             37 |         3.36 |
|  soc_core_i/processing_system7_0/inst/FCLK_CLK0 |                                                                                                                                                                                                              | soc_core_i/smartconnect_0/inst/s00_entry_pipeline/s00_si_converter/inst/areset                                                                                                           |               19 |             38 |         2.00 |
|  soc_core_i/processing_system7_0/inst/FCLK_CLK0 | soc_core_i/smartconnect_0/inst/s00_nodes/s00_ar_node/inst/inst_mi_handler/gen_normal_area.inst_fifo_node_payld/gen_xpm_memory_fifo.inst_fifo/gen_mem_rep[0].inst_rd_addrb/rd_addrb_incr                      | soc_core_i/smartconnect_0/inst/s00_nodes/s00_ar_node/inst/inst_mi_handler/m_sc_areset_r                                                                                                  |               12 |             41 |         3.42 |
|  soc_core_i/processing_system7_0/inst/FCLK_CLK0 | soc_core_i/smartconnect_0/inst/m00_nodes/m00_r_node/inst/inst_mi_handler/gen_normal_area.inst_fifo_node_payld/gen_xpm_memory_fifo.inst_fifo/gen_mem_rep[0].inst_rd_addrb/rd_addrb_incr                       | soc_core_i/smartconnect_0/inst/m00_nodes/m00_r_node/inst/inst_mi_handler/m_sc_areset_r                                                                                                   |                8 |             41 |         5.12 |
|  soc_core_i/processing_system7_0/inst/FCLK_CLK0 | soc_core_i/smartconnect_0/inst/s00_nodes/s00_r_node/inst/inst_mi_handler/gen_normal_area.inst_fifo_node_payld/gen_xpm_memory_fifo.inst_fifo/gen_mem_rep[0].inst_rd_addrb/rd_addrb_incr                       | soc_core_i/smartconnect_0/inst/s00_nodes/s00_r_node/inst/inst_mi_handler/m_sc_areset_r                                                                                                   |                8 |             41 |         5.12 |
|  soc_core_i/processing_system7_0/inst/FCLK_CLK0 |                                                                                                                                                                                                              | soc_core_i/smartconnect_0/inst/s00_entry_pipeline/s00_mmu/inst/areset                                                                                                                    |               15 |             43 |         2.87 |
|  soc_core_i/processing_system7_0/inst/FCLK_CLK0 | soc_core_i/smartconnect_0/inst/m00_nodes/m00_w_node/inst/inst_mi_handler/gen_normal_area.inst_fifo_node_payld/gen_xpm_memory_fifo.inst_fifo/gen_mem_rep[0].inst_rd_addrb/rd_addrb_incr                       | soc_core_i/smartconnect_0/inst/m00_nodes/m00_w_node/inst/inst_mi_handler/m_sc_areset_r                                                                                                   |                9 |             43 |         4.78 |
|  soc_core_i/processing_system7_0/inst/FCLK_CLK0 | soc_core_i/smartconnect_0/inst/m00_nodes/m00_aw_node/inst/inst_mi_handler/gen_normal_area.inst_fifo_node_payld/gen_xpm_memory_fifo.inst_fifo/wr_wea                                                          |                                                                                                                                                                                          |                6 |             44 |         7.33 |
|  soc_core_i/processing_system7_0/inst/FCLK_CLK0 | soc_core_i/smartconnect_0/inst/s00_entry_pipeline/s00_mmu/inst/aw_reg_stall/m_vector_i[0]                                                                                                                    |                                                                                                                                                                                          |                7 |             46 |         6.57 |
|  soc_core_i/processing_system7_0/inst/FCLK_CLK0 | soc_core_i/smartconnect_0/inst/s00_entry_pipeline/s00_mmu/inst/ar_reg_stall/m_vector_i[0]                                                                                                                    |                                                                                                                                                                                          |                7 |             46 |         6.57 |
|  soc_core_i/processing_system7_0/inst/FCLK_CLK0 | soc_core_i/smartconnect_0/inst/s00_entry_pipeline/s00_mmu/inst/ar_reg_stall/skid_buffer[1144]_i_1_n_0                                                                                                        |                                                                                                                                                                                          |                6 |             46 |         7.67 |
|  soc_core_i/processing_system7_0/inst/FCLK_CLK0 | soc_core_i/smartconnect_0/inst/s00_nodes/s00_w_node/inst/inst_mi_handler/gen_normal_area.inst_fifo_node_payld/gen_xpm_memory_fifo.inst_fifo/gen_mem_rep[0].inst_rd_addrb/rd_addrb_incr                       | soc_core_i/smartconnect_0/inst/s00_nodes/s00_w_node/inst/inst_mi_handler/m_sc_areset_r                                                                                                   |               10 |             46 |         4.60 |
|  soc_core_i/processing_system7_0/inst/FCLK_CLK0 | soc_core_i/smartconnect_0/inst/s00_entry_pipeline/s00_mmu/inst/aw_reg_stall/skid_buffer[1144]_i_1__0_n_0                                                                                                     |                                                                                                                                                                                          |                9 |             46 |         5.11 |
|  soc_core_i/processing_system7_0/inst/FCLK_CLK0 | soc_core_i/smartconnect_0/inst/s00_entry_pipeline/s00_mmu/inst/r_sreg/m_vector_i[0]                                                                                                                          |                                                                                                                                                                                          |               13 |             47 |         3.62 |
|  soc_core_i/processing_system7_0/inst/FCLK_CLK0 | soc_core_i/smartconnect_0/inst/m00_nodes/m00_r_node/inst/inst_mi_handler/gen_normal_area.inst_fifo_node_payld/gen_xpm_memory_fifo.inst_fifo/wr_wea                                                           |                                                                                                                                                                                          |                6 |             48 |         8.00 |
|  soc_core_i/processing_system7_0/inst/FCLK_CLK0 | soc_core_i/smartconnect_0/inst/m00_nodes/m00_ar_node/inst/inst_mi_handler/gen_normal_area.inst_fifo_node_payld/gen_xpm_memory_fifo.inst_fifo/wr_wea                                                          |                                                                                                                                                                                          |                6 |             48 |         8.00 |
|  soc_core_i/processing_system7_0/inst/FCLK_CLK0 | soc_core_i/smartconnect_0/inst/s00_nodes/s00_r_node/inst/inst_mi_handler/gen_normal_area.inst_fifo_node_payld/gen_xpm_memory_fifo.inst_fifo/wr_wea                                                           |                                                                                                                                                                                          |                6 |             48 |         8.00 |
|  soc_core_i/processing_system7_0/inst/FCLK_CLK0 | soc_core_i/smartconnect_0/inst/s00_entry_pipeline/s00_si_converter/inst/converter.low_area_converter.low_area_wrap_inst/arready_i_i_1_n_0                                                                    | soc_core_i/smartconnect_0/inst/s00_entry_pipeline/s00_si_converter/inst/areset                                                                                                           |               12 |             48 |         4.00 |
|  soc_core_i/processing_system7_0/inst/FCLK_CLK0 | soc_core_i/smartconnect_0/inst/m00_nodes/m00_w_node/inst/inst_mi_handler/gen_normal_area.inst_fifo_node_payld/gen_xpm_memory_fifo.inst_fifo/wr_wea                                                           |                                                                                                                                                                                          |                7 |             56 |         8.00 |
|  soc_core_i/processing_system7_0/inst/FCLK_CLK0 | soc_core_i/smartconnect_0/inst/s00_nodes/s00_w_node/inst/inst_mi_handler/gen_normal_area.inst_fifo_node_payld/gen_xpm_memory_fifo.inst_fifo/wr_wea                                                           |                                                                                                                                                                                          |                7 |             56 |         8.00 |
|  soc_core_i/processing_system7_0/inst/FCLK_CLK0 | soc_core_i/smartconnect_0/inst/s00_entry_pipeline/s00_mmu/inst/aw_sreg/skid_buffer[1144]_i_1__2_n_0                                                                                                          |                                                                                                                                                                                          |                8 |             58 |         7.25 |
|  soc_core_i/processing_system7_0/inst/FCLK_CLK0 | soc_core_i/smartconnect_0/inst/s00_entry_pipeline/s00_mmu/inst/aw_sreg/m_vector_i[0]                                                                                                                         |                                                                                                                                                                                          |               10 |             58 |         5.80 |
|  soc_core_i/processing_system7_0/inst/FCLK_CLK0 | soc_core_i/smartconnect_0/inst/s00_entry_pipeline/s00_mmu/inst/ar_sreg/skid_buffer[1144]_i_1__1_n_0                                                                                                          |                                                                                                                                                                                          |                8 |             58 |         7.25 |
|  soc_core_i/processing_system7_0/inst/FCLK_CLK0 | soc_core_i/smartconnect_0/inst/s00_entry_pipeline/s00_mmu/inst/ar_sreg/m_vector_i[0]                                                                                                                         |                                                                                                                                                                                          |               10 |             58 |         5.80 |
|  soc_core_i/processing_system7_0/inst/FCLK_CLK0 | soc_core_i/smartconnect_0/inst/s00_nodes/s00_aw_node/inst/inst_mi_handler/gen_normal_area.inst_fifo_node_payld/gen_xpm_memory_fifo.inst_fifo/wr_wea                                                          |                                                                                                                                                                                          |                8 |             60 |         7.50 |
|  soc_core_i/processing_system7_0/inst/FCLK_CLK0 | soc_core_i/smartconnect_0/inst/s00_nodes/s00_ar_node/inst/inst_mi_handler/gen_normal_area.inst_fifo_node_payld/gen_xpm_memory_fifo.inst_fifo/wr_wea                                                          |                                                                                                                                                                                          |                9 |             68 |         7.56 |
|  soc_core_i/processing_system7_0/inst/FCLK_CLK0 |                                                                                                                                                                                                              |                                                                                                                                                                                          |              106 |            318 |         3.00 |
+-------------------------------------------------+--------------------------------------------------------------------------------------------------------------------------------------------------------------------------------------------------------------+------------------------------------------------------------------------------------------------------------------------------------------------------------------------------------------+------------------+----------------+--------------+


