Copyright 1986-2022 Xilinx, Inc. All Rights Reserved. Copyright 2022-2026 Advanced Micro Devices, Inc. All Rights Reserved.
---------------------------------------------------------------------------------------------------------------------------------------------
| Tool Version : Vivado v.2026.1 (win64) Build 6511674 Tue Jun 16 11:02:23 MDT 2026
| Date         : Thu Sep  3 19:17:55 2026
| Host         : DESKTOP-7M4SNM6 running 64-bit major release  (build 9200)
| Command      : upgrade_ip
| Device       : xc7z015clg485-2
---------------------------------------------------------------------------------------------------------------------------------------------

Upgrade Log for IP 'Processing_System_rst_clk_wiz_0_100M_0'

1. Summary
----------

SUCCESS in the update of Processing_System_rst_clk_wiz_0_100M_0 (xilinx.com:ip:proc_sys_reset:5.0 (Rev. 17)) to current project options.






Copyright 1986-2022 Xilinx, Inc. All Rights Reserved. Copyright 2022-2026 Advanced Micro Devices, Inc. All Rights Reserved.
---------------------------------------------------------------------------------------------------------------------------------------------
| Tool Version : Vivado v.2026.1 (win64) Build 6511674 Tue Jun 16 11:02:23 MDT 2026
| Date         : Thu Sep  3 19:17:55 2026
| Host         : DESKTOP-7M4SNM6 running 64-bit major release  (build 9200)
| Command      : upgrade_ip
| Device       : xc7z015clg485-2
---------------------------------------------------------------------------------------------------------------------------------------------

Upgrade Log for IP 'Processing_System_processing_system7_0_0'

1. Summary
----------

SUCCESS in the upgrade of Processing_System_processing_system7_0_0 (xilinx.com:ip:processing_system7:5.5) from (Rev. 8) to (Rev. 9)

2. Upgrade messages
-------------------

WARNING: upgrade cannot add parameter PCW_TRACE_INTERNAL_WIDTH with default value 32 : a parameter called PCW_TRACE_INTERNAL_WIDTH already exists in processing_system7_v5_5
WARNING: upgrade cannot add parameter PCW_USE_AXI_NONSECURE with default value 0 : a parameter called PCW_USE_AXI_NONSECURE already exists in processing_system7_v5_5
WARNING: upgrade cannot add parameter PCW_EN_PTP_ENET0 with default value 1 : a parameter called PCW_EN_PTP_ENET0 already exists in processing_system7_v5_5
WARNING: upgrade cannot add parameter PCW_EN_PTP_ENET0 with default value 1 : a parameter called PCW_EN_PTP_ENET0 already exists in processing_system7_v5_5
WARNING: upgrade cannot add parameter PCW_GP0_NUM_WRITE_THREADS with default value 4 : a parameter called PCW_GP0_NUM_WRITE_THREADS already exists in processing_system7_v5_5
WARNING: upgrade cannot add parameter PCW_GP0_NUM_READ_THREADS with default value 4 : a parameter called PCW_GP0_NUM_READ_THREADS already exists in processing_system7_v5_5
WARNING: upgrade cannot add parameter PCW_GP1_NUM_WRITE_THREADS with default value 4 : a parameter called PCW_GP1_NUM_WRITE_THREADS already exists in processing_system7_v5_5
WARNING: upgrade cannot add parameter PCW_GP1_NUM_READ_THREADS with default value 4 : a parameter called PCW_GP1_NUM_READ_THREADS already exists in processing_system7_v5_5
WARNING: upgrade cannot add parameter PCW_GP0_EN_MODIFIABLE_TXN with default value 0 : a parameter called PCW_GP0_EN_MODIFIABLE_TXN already exists in processing_system7_v5_5
WARNING: upgrade cannot add parameter PCW_GP1_EN_MODIFIABLE_TXN with default value 0 : a parameter called PCW_GP1_EN_MODIFIABLE_TXN already exists in processing_system7_v5_5






Copyright 1986-2022 Xilinx, Inc. All Rights Reserved. Copyright 2022-2026 Advanced Micro Devices, Inc. All Rights Reserved.
---------------------------------------------------------------------------------------------------------------------------------------------
| Tool Version : Vivado v.2026.1 (win64) Build 6511674 Tue Jun 16 11:02:23 MDT 2026
| Date         : Thu Sep  3 19:17:55 2026
| Host         : DESKTOP-7M4SNM6 running 64-bit major release  (build 9200)
| Command      : upgrade_ip
| Device       : xc7z015clg485-2
---------------------------------------------------------------------------------------------------------------------------------------------

Upgrade Log for IP 'Processing_System_clk_wiz_0_0'

1. Summary
----------

SUCCESS in the upgrade of Processing_System_clk_wiz_0_0 (xilinx.com:ip:clk_wiz:6.0) from (Rev. 17) to (Rev. 19)






Copyright 1986-2022 Xilinx, Inc. All Rights Reserved. Copyright 2022-2026 Advanced Micro Devices, Inc. All Rights Reserved.
---------------------------------------------------------------------------------------------------------------------------------------------
| Tool Version : Vivado v.2026.1 (win64) Build 6511674 Tue Jun 16 11:02:23 MDT 2026
| Date         : Thu Sep  3 19:17:55 2026
| Host         : DESKTOP-7M4SNM6 running 64-bit major release  (build 9200)
| Command      : upgrade_ip
| Device       : xc7z015clg485-2
---------------------------------------------------------------------------------------------------------------------------------------------

Upgrade Log for IP 'Processing_System_axi_vdma_0_0'

1. Summary
----------

SUCCESS in the upgrade of Processing_System_axi_vdma_0_0 (xilinx.com:ip:axi_vdma:6.3) from (Rev. 24) to (Rev. 25)






Copyright 1986-2022 Xilinx, Inc. All Rights Reserved. Copyright 2022-2026 Advanced Micro Devices, Inc. All Rights Reserved.
---------------------------------------------------------------------------------------------------------------------------------------------
| Tool Version : Vivado v.2026.1 (win64) Build 6511674 Tue Jun 16 11:02:23 MDT 2026
| Date         : Thu Sep  3 19:17:55 2026
| Host         : DESKTOP-7M4SNM6 running 64-bit major release  (build 9200)
| Command      : upgrade_ip
| Device       : xc7z015clg485-2
---------------------------------------------------------------------------------------------------------------------------------------------

Upgrade Log for IP 'Processing_System_axi_smc_0'

1. Summary
----------

SUCCESS in the upgrade of Processing_System_axi_smc_0 (xilinx.com:ip:smartconnect:1.0) from (Rev. 28) to (Rev. 29)

After upgrade, an IP may have parameter and port differences compared to the original customization. Please review the parameters within the IP customization GUI to ensure proper functionality. Also, please review the updated IP instantiation template to ensure proper connectivity, and update your design if required.

2. Connection and Interface Information
---------------------------------------

Connection and Interface information can not be compared for deferred elaboration IPs.
Processing_System_axi_smc_0 may have connection or interface changes.


3. Upgrade messages
-------------------

Set parameter ADVANCED_PROPERTIES to value __experimental_features__ {legacy_low_area_mode 1} (source 'default')

